\BOOKMARK [0][-]{Doc-Start}{\376\377\000A\000b\000s\000t\000r\000a\000c\000t}{}% 1
\BOOKMARK [0][-]{Doc-Start}{\376\377\000L\000i\000s\000t\000\040\000o\000f\000\040\000F\000i\000g\000u\000r\000e\000s}{}% 2
\BOOKMARK [0][-]{Doc-Start}{\376\377\000L\000i\000s\000t\000\040\000o\000f\000\040\000T\000a\000b\000l\000e\000s}{}% 3
\BOOKMARK [0][-]{chapter*.1}{\376\377\000A\000c\000k\000n\000o\000w\000l\000e\000d\000g\000m\000e\000n\000t\000s}{}% 4
\BOOKMARK [0][-]{chapter.1}{\376\377\000I\000n\000v\000e\000s\000t\000m\000e\000n\000t\000\040\000a\000n\000d\000\040\000t\000h\000e\000\040\000T\000r\000a\000n\000s\000f\000e\000r\000\040\000o\000f\000\040\000P\000o\000w\000e\000r\000:\000\040\000D\000y\000n\000a\000m\000i\000c\000\040\000E\000f\000f\000e\000c\000t\000s\000\040\000o\000f\000\040\000T\000r\000a\000n\000s\000m\000i\000s\000s\000i\000o\000n\000\040\000i\000n\000\040\000E\000l\000e\000c\000t\000r\000i\000c\000i\000t\000y\000\040\000M\000a\000r\000k\000e\000t\000s}{}% 5
\BOOKMARK [1][-]{section.1.1}{\376\377\000I\000n\000t\000r\000o\000d\000u\000c\000t\000i\000o\000n}{chapter.1}% 6
\BOOKMARK [1][-]{section.1.2}{\376\377\000L\000i\000t\000e\000r\000a\000t\000u\000r\000e\000\040\000R\000e\000v\000i\000e\000w}{chapter.1}% 7
\BOOKMARK [1][-]{section.1.3}{\376\377\000S\000e\000t\000t\000i\000n\000g\000\040\000a\000n\000d\000\040\000D\000a\000t\000a}{chapter.1}% 8
\BOOKMARK [2][-]{subsection.1.3.1}{\376\377\000S\000e\000t\000t\000i\000n\000g}{section.1.3}% 9
\BOOKMARK [2][-]{subsection.1.3.2}{\376\377\000D\000a\000t\000a\000s\000e\000t\000\040\000C\000r\000e\000a\000t\000i\000o\000n}{section.1.3}% 10
\BOOKMARK [2][-]{subsection.1.3.3}{\376\377\000D\000e\000s\000c\000r\000i\000p\000t\000i\000v\000e\000\040\000S\000t\000a\000t\000i\000s\000t\000i\000c\000s}{section.1.3}% 11
\BOOKMARK [1][-]{section.1.4}{\376\377\000M\000o\000d\000e\000l}{chapter.1}% 12
\BOOKMARK [2][-]{subsection.1.4.1}{\376\377\000P\000r\000e\000l\000i\000m\000i\000n\000a\000r\000i\000e\000s}{section.1.4}% 13
\BOOKMARK [2][-]{subsection.1.4.2}{\376\377\000N\000e\000t\000w\000o\000r\000k\000\040\000T\000o\000p\000o\000l\000o\000g\000y\000\040\000a\000n\000d\000\040\000A\000g\000g\000r\000e\000g\000a\000t\000i\000o\000n}{section.1.4}% 14
\BOOKMARK [2][-]{subsection.1.4.3}{\376\377\000S\000h\000o\000r\000t\000-\000r\000u\000n\000\040\000O\000p\000e\000r\000a\000t\000i\000o\000n\000s\000\040\000M\000o\000d\000e\000l}{section.1.4}% 15
\BOOKMARK [2][-]{subsection.1.4.4}{\376\377\000E\000c\000o\000n\000o\000m\000e\000t\000r\000i\000c\000\040\000S\000p\000e\000c\000i\000f\000i\000c\000a\000t\000i\000o\000n}{section.1.4}% 16
\BOOKMARK [2][-]{subsection.1.4.5}{\376\377\000L\000o\000n\000g\000-\000r\000u\000n\000\040\000M\000o\000d\000e\000l}{section.1.4}% 17
\BOOKMARK [1][-]{section.1.5}{\376\377\000E\000s\000t\000i\000m\000a\000t\000i\000o\000n\000\040\000S\000t\000r\000a\000t\000e\000g\000y}{chapter.1}% 18
\BOOKMARK [2][-]{subsection.1.5.1}{\376\377\000I\000d\000e\000n\000t\000i\000f\000i\000c\000a\000t\000i\000o\000n}{section.1.5}% 19
\BOOKMARK [2][-]{subsection.1.5.2}{\376\377\000S\000h\000o\000r\000t\000-\000r\000u\000n\000\040\000E\000s\000t\000i\000m\000a\000t\000i\000o\000n}{section.1.5}% 20
\BOOKMARK [2][-]{subsection.1.5.3}{\376\377\000L\000o\000n\000g\000-\000r\000u\000n\000\040\000E\000s\000t\000i\000m\000a\000t\000i\000o\000n}{section.1.5}% 21
\BOOKMARK [1][-]{section.1.6}{\376\377\000R\000e\000s\000u\000l\000t\000s}{chapter.1}% 22
\BOOKMARK [2][-]{subsection.1.6.1}{\376\377\000S\000h\000o\000r\000t\000-\000r\000u\000n\000\040\000M\000o\000d\000e\000l\000\040\000E\000s\000t\000i\000m\000a\000t\000e\000s}{section.1.6}% 23
\BOOKMARK [2][-]{subsection.1.6.2}{\376\377\000L\000o\000n\000g\000-\000r\000u\000n\000\040\000M\000o\000d\000e\000l\000\040\000E\000s\000t\000i\000m\000a\000t\000e\000s}{section.1.6}% 24
\BOOKMARK [2][-]{subsection.1.6.3}{\376\377\000R\000o\000b\000u\000s\000t\000n\000e\000s\000s\000\040\000C\000h\000e\000c\000k\000s}{section.1.6}% 25
\BOOKMARK [1][-]{section.1.7}{\376\377\000C\000o\000u\000n\000t\000e\000r\000f\000a\000c\000t\000u\000a\000l\000s}{chapter.1}% 26
\BOOKMARK [2][-]{subsection.1.7.1}{\376\377\000T\000r\000a\000n\000s\000m\000i\000s\000s\000i\000o\000n\000\040\000I\000n\000f\000r\000a\000s\000t\000r\000u\000c\000t\000u\000r\000e\000\040\000U\000p\000g\000r\000a\000d\000e\000s}{section.1.7}% 27
\BOOKMARK [2][-]{subsection.1.7.2}{\376\377\000N\000e\000w\000\040\000L\000o\000n\000g\000-\000D\000i\000s\000t\000a\000n\000c\000e\000\040\000T\000r\000a\000n\000s\000m\000i\000s\000s\000i\000o\000n}{section.1.7}% 28
\BOOKMARK [2][-]{subsection.1.7.3}{\376\377\000F\000e\000d\000e\000r\000a\000l\000\040\000L\000e\000g\000i\000s\000l\000a\000t\000i\000o\000n}{section.1.7}% 29
\BOOKMARK [2][-]{subsection.1.7.4}{\376\377\000W\000e\000l\000f\000a\000r\000e\000\040\000D\000e\000c\000o\000m\000p\000o\000s\000i\000t\000i\000o\000n}{section.1.7}% 30
\BOOKMARK [1][-]{section.1.8}{\376\377\000C\000o\000n\000c\000l\000u\000s\000i\000o\000n}{chapter.1}% 31
\BOOKMARK [1][-]{section*.14}{\376\377\000T\000a\000b\000l\000e\000s}{chapter.1}% 32
\BOOKMARK [1][-]{section*.24}{\376\377\000F\000i\000g\000u\000r\000e\000s}{chapter.1}% 33
\BOOKMARK [1][-]{section.1.9}{\376\377\000S\000o\000l\000v\000i\000n\000g\000\040\000t\000h\000e\000\040\000O\000p\000e\000r\000a\000t\000i\000o\000n\000s\000\040\000M\000o\000d\000e\000l}{chapter.1}% 34
\BOOKMARK [2][-]{subsection.1.9.1}{\376\377\000T\000h\000e\000\040\000I\000S\000O\000\040\000D\000i\000s\000p\000a\000t\000c\000h\000\040\000P\000r\000o\000b\000l\000e\000m}{section.1.9}% 35
\BOOKMARK [2][-]{subsection.1.9.2}{\376\377\000F\000i\000r\000s\000t\000-\000O\000r\000d\000e\000r\000\040\000C\000o\000n\000d\000i\000t\000i\000o\000n\000s}{section.1.9}% 36
\BOOKMARK [2][-]{subsection.1.9.3}{\376\377\000C\000o\000s\000t\000\040\000F\000u\000n\000c\000t\000i\000o\000n\000\040\000S\000p\000e\000c\000i\000f\000i\000c\000a\000t\000i\000o\000n\000\040\000a\000n\000d\000\040\000L\000i\000k\000e\000l\000i\000h\000o\000o\000d}{section.1.9}% 37
\BOOKMARK [1][-]{section.1.10}{\376\377\000L\000o\000n\000g\000-\000r\000u\000n\000\040\000M\000o\000d\000e\000l\000\040\000C\000o\000m\000p\000u\000t\000a\000t\000i\000o\000n\000a\000l\000\040\000D\000e\000t\000a\000i\000l\000s}{chapter.1}% 38
\BOOKMARK [1][-]{section.1.10}{\376\377\000A\000p\000p\000e\000n\000d\000i\000x\000\040\000B\000:\000\040\000L\000o\000n\000g\000-\000r\000u\000n\000\040\000M\000o\000d\000e\000l\000\040\000C\000o\000m\000p\000u\000t\000a\000t\000i\000o\000n\000a\000l\000\040\000D\000e\000t\000a\000i\000l\000s}{chapter.1}% 39
\BOOKMARK [2][-]{subsection.1.10.1}{\376\377\000A\000l\000g\000o\000r\000i\000t\000h\000m\000\040\000O\000v\000e\000r\000v\000i\000e\000w}{section.1.10}% 40
\BOOKMARK [2][-]{subsection.1.10.2}{\376\377\000S\000t\000a\000t\000e\000\040\000S\000p\000a\000c\000e\000\040\000D\000i\000s\000c\000r\000e\000t\000i\000z\000a\000t\000i\000o\000n}{section.1.10}% 41
\BOOKMARK [2][-]{subsection.1.10.3}{\376\377\000E\000q\000u\000i\000l\000i\000b\000r\000i\000u\000m\000\040\000C\000o\000m\000p\000u\000t\000a\000t\000i\000o\000n}{section.1.10}% 42
\BOOKMARK [2][-]{subsection.1.10.4}{\376\377\000G\000M\000M\000\040\000E\000s\000t\000i\000m\000a\000t\000i\000o\000n}{section.1.10}% 43
\BOOKMARK [1][-]{section.1.11}{\376\377\000C\000o\000n\000s\000t\000r\000u\000c\000t\000i\000o\000n\000\040\000o\000f\000\040\000S\000h\000o\000r\000t\000-\000T\000e\000r\000m\000\040\000E\000l\000e\000c\000t\000r\000i\000c\000i\000t\000y\000\040\000M\000a\000r\000k\000e\000t\000\040\000D\000a\000t\000a}{chapter.1}% 44
\BOOKMARK [2][-]{subsection.1.11.1}{\376\377\000O\000v\000e\000r\000v\000i\000e\000w}{section.1.11}% 45
\BOOKMARK [2][-]{subsection.1.11.2}{\376\377\000C\000o\000n\000s\000t\000r\000u\000c\000t\000i\000o\000n\000\040\000o\000f\000\040\000Z\000o\000n\000a\000l\000\040\000G\000e\000o\000g\000r\000a\000p\000h\000i\000c\000\040\000M\000a\000p\000s}{section.1.11}% 46
\BOOKMARK [2][-]{subsection.1.11.3}{\376\377\000G\000e\000n\000e\000r\000a\000t\000o\000r\000-\000L\000e\000v\000e\000l\000\040\000G\000e\000n\000e\000r\000a\000t\000i\000o\000n\000\040\000b\000y\000\040\000I\000S\000O}{section.1.11}% 47
\BOOKMARK [2][-]{subsection.1.11.4}{\376\377\000C\000a\000p\000a\000c\000i\000t\000y\000\040\000C\000o\000n\000s\000t\000r\000a\000i\000n\000t\000s}{section.1.11}% 48
\BOOKMARK [2][-]{subsection.1.11.5}{\376\377\000C\000o\000m\000b\000i\000n\000i\000n\000g\000\040\000I\000S\000O\000-\000L\000e\000v\000e\000l\000\040\000D\000a\000t\000a\000s\000e\000t\000s}{section.1.11}% 49
\BOOKMARK [2][-]{subsection.1.11.6}{\376\377\000A\000l\000l\000o\000c\000a\000t\000i\000o\000n\000\040\000t\000o\000\040\000L\000o\000a\000d\000\040\000a\000n\000d\000\040\000S\000h\000o\000r\000t\000-\000T\000e\000r\000m\000\040\000M\000a\000r\000k\000e\000t\000\040\000O\000u\000t\000c\000o\000m\000e\000s}{section.1.11}% 50
\BOOKMARK [2][-]{subsection.1.11.7}{\376\377\000A\000u\000g\000m\000e\000n\000t\000a\000t\000i\000o\000n\000\040\000w\000i\000t\000h\000\040\000W\000e\000a\000t\000h\000e\000r\000,\000\040\000F\000u\000e\000l\000\040\000P\000r\000i\000c\000e\000s\000,\000\040\000a\000n\000d\000\040\000C\000o\000n\000t\000r\000o\000l\000s}{section.1.11}% 51
\BOOKMARK [2][-]{subsection.1.11.8}{\376\377\000F\000i\000n\000a\000l\000\040\000O\000u\000t\000p\000u\000t}{section.1.11}% 52
\BOOKMARK [1][-]{section.1.12}{\376\377\000T\000r\000a\000n\000s\000m\000i\000s\000s\000i\000o\000n\000\040\000C\000a\000p\000a\000c\000i\000t\000y\000\040\000a\000n\000d\000\040\000L\000i\000n\000e\000\040\000L\000o\000s\000s\000\040\000E\000s\000t\000i\000m\000a\000t\000i\000o\000n}{chapter.1}% 53
\BOOKMARK [1][-]{section.1.12}{\376\377\000A\000p\000p\000e\000n\000d\000i\000x\000\040\000C\000:\000\040\000T\000r\000a\000n\000s\000m\000i\000s\000s\000i\000o\000n\000\040\000C\000a\000p\000a\000c\000i\000t\000y\000\040\000a\000n\000d\000\040\000L\000i\000n\000e\000\040\000L\000o\000s\000s\000\040\000E\000s\000t\000i\000m\000a\000t\000i\000o\000n}{chapter.1}% 54
\BOOKMARK [2][-]{subsection.1.12.1}{\376\377\000O\000v\000e\000r\000v\000i\000e\000w}{section.1.12}% 55
\BOOKMARK [2][-]{subsection.1.12.2}{\376\377\000B\000a\000s\000e\000l\000i\000n\000e\000\040\000T\000r\000a\000n\000s\000m\000i\000s\000s\000i\000o\000n\000\040\000N\000e\000t\000w\000o\000r\000k\000\040\000C\000o\000n\000s\000t\000r\000u\000c\000t\000i\000o\000n}{section.1.12}% 56
\BOOKMARK [2][-]{subsection.1.12.3}{\376\377\000E\000l\000e\000c\000t\000r\000i\000c\000a\000l\000\040\000C\000h\000a\000r\000a\000c\000t\000e\000r\000i\000z\000a\000t\000i\000o\000n\000\040\000o\000f\000\040\000T\000r\000a\000n\000s\000m\000i\000s\000s\000i\000o\000n\000\040\000L\000i\000n\000e\000s}{section.1.12}% 57
\BOOKMARK [2][-]{subsection.1.12.4}{\376\377\000Z\000o\000n\000e\000-\000L\000e\000v\000e\000l\000\040\000A\000g\000g\000r\000e\000g\000a\000t\000i\000o\000n}{section.1.12}% 58
\BOOKMARK [2][-]{subsection.1.12.5}{\376\377\000C\000o\000u\000n\000t\000e\000r\000f\000a\000c\000t\000u\000a\000l\000\040\000T\000r\000a\000n\000s\000m\000i\000s\000s\000i\000o\000n\000\040\000S\000c\000e\000n\000a\000r\000i\000o\000s}{section.1.12}% 59
\BOOKMARK [2][-]{subsection.1.12.6}{\376\377\000A\000s\000s\000u\000m\000p\000t\000i\000o\000n\000s\000\040\000a\000n\000d\000\040\000L\000i\000m\000i\000t\000a\000t\000i\000o\000n\000s}{section.1.12}% 60
\BOOKMARK [2][-]{subsection.1.12.7}{\376\377\000S\000u\000m\000m\000a\000r\000y}{section.1.12}% 61
\BOOKMARK [1][-]{section.1.13}{\376\377\000C\000a\000l\000c\000u\000l\000a\000t\000i\000n\000g\000\040\000t\000h\000e\000\040\000C\000o\000s\000t\000\040\000o\000f\000\040\000L\000i\000n\000e\000\040\000A\000d\000d\000i\000t\000i\000o\000n\000s}{chapter.1}% 62
\BOOKMARK [1][-]{section.1.13}{\376\377\000A\000p\000p\000e\000n\000d\000i\000x\000\040\000E\000:\000\040\000C\000a\000l\000c\000u\000l\000a\000t\000i\000n\000g\000\040\000t\000h\000e\000\040\000C\000o\000s\000t\000\040\000o\000f\000\040\000L\000i\000n\000e\000\040\000A\000d\000d\000i\000t\000i\000o\000n\000s}{chapter.1}% 63
\BOOKMARK [2][-]{subsection.1.13.1}{\376\377\000C\000a\000l\000c\000u\000l\000a\000t\000i\000o\000n\000\040\000M\000e\000t\000h\000o\000d\000\040\0001\000:\000\040\000H\000e\000d\000o\000n\000i\000c\000\040\000R\000e\000g\000r\000e\000s\000s\000i\000o\000n}{section.1.13}% 64
\BOOKMARK [2][-]{subsection.1.13.2}{\376\377\000C\000a\000l\000c\000u\000l\000a\000t\000i\000o\000n\000\040\000M\000e\000t\000h\000o\000d\000\040\0002\000:\000\040\000B\000o\000t\000t\000o\000m\000-\000U\000p\000\040\000E\000s\000t\000i\000m\000a\000t\000i\000o\000n}{section.1.13}% 65
\BOOKMARK [2][-]{subsection.1.13.3}{\376\377\000C\000a\000l\000c\000u\000l\000a\000t\000i\000o\000n\000\040\000M\000e\000t\000h\000o\000d\000\040\0003\000:\000\040\000L\000i\000t\000e\000r\000a\000t\000u\000r\000e\000-\000B\000a\000s\000e\000d\000\040\000a\000n\000d\000\040\000A\000n\000n\000o\000u\000n\000c\000e\000d\000\040\000E\000s\000t\000i\000m\000a\000t\000e\000s}{section.1.13}% 66
\BOOKMARK [2][-]{subsection.1.13.4}{\376\377\000C\000a\000l\000c\000u\000l\000a\000t\000i\000o\000n\000\040\000M\000e\000t\000h\000o\000d\000\040\0004\000:\000\040\000E\000n\000s\000e\000m\000b\000l\000e}{section.1.13}% 67
\BOOKMARK [1][-]{section.1.14}{\376\377\000C\000o\000m\000p\000a\000r\000i\000s\000o\000n\000\040\000o\000f\000\040\000E\000s\000t\000i\000m\000a\000t\000e\000s\000\040\000w\000i\000t\000h\000\040\000L\000i\000t\000e\000r\000a\000t\000u\000r\000e}{chapter.1}% 68
\BOOKMARK [1][-]{section.1.15}{\376\377\000R\000o\000b\000u\000s\000t\000n\000e\000s\000s\000\040\000C\000h\000e\000c\000k\000s}{chapter.1}% 69
\BOOKMARK [2][-]{subsection.1.15.1}{\376\377\000R\000e\000l\000i\000a\000b\000i\000l\000i\000t\000y\000\040\000D\000i\000a\000g\000n\000o\000s\000t\000i\000c\000s}{section.1.15}% 70
\BOOKMARK [2][-]{subsection.1.15.2}{\376\377\000A\000l\000t\000e\000r\000n\000a\000t\000i\000v\000e\000\040\000S\000t\000a\000t\000e\000\040\000S\000p\000a\000c\000e\000\040\000D\000i\000s\000c\000r\000e\000t\000i\000z\000a\000t\000i\000o\000n\000s}{section.1.15}% 71
\BOOKMARK [2][-]{subsection.1.15.3}{\376\377\000S\000e\000n\000s\000i\000t\000i\000v\000i\000t\000y\000\040\000t\000o\000\040\000T\000r\000a\000n\000s\000m\000i\000s\000s\000i\000o\000n\000\040\000C\000a\000p\000a\000c\000i\000t\000y\000\040\000M\000e\000a\000s\000u\000r\000e\000m\000e\000n\000t}{section.1.15}% 72
\BOOKMARK [2][-]{subsection.1.15.4}{\376\377\000M\000a\000r\000k\000e\000t\000\040\000P\000o\000w\000e\000r}{section.1.15}% 73
\BOOKMARK [2][-]{subsection.1.15.5}{\376\377\000A\000l\000t\000e\000r\000n\000a\000t\000i\000v\000e\000\040\000D\000e\000m\000a\000n\000d\000\040\000S\000p\000e\000c\000i\000f\000i\000c\000a\000t\000i\000o\000n\000s}{section.1.15}% 74
\BOOKMARK [2][-]{subsection.1.15.6}{\376\377\000A\000l\000t\000e\000r\000n\000a\000t\000i\000v\000e\000\040\000E\000q\000u\000i\000l\000i\000b\000r\000i\000u\000m\000\040\000C\000o\000n\000c\000e\000p\000t\000s}{section.1.15}% 75
\BOOKMARK [2][-]{subsection.1.15.7}{\376\377\000S\000e\000q\000u\000e\000n\000t\000i\000a\000l\000\040\000v\000s\000.\000\040\000J\000o\000i\000n\000t\000\040\000E\000s\000t\000i\000m\000a\000t\000i\000o\000n}{section.1.15}% 76
\BOOKMARK [2][-]{subsection.1.15.8}{\376\377\000S\000e\000n\000s\000i\000t\000i\000v\000i\000t\000y\000\040\000o\000f\000\040\000C\000o\000u\000n\000t\000e\000r\000f\000a\000c\000t\000u\000a\000l\000\040\000P\000o\000l\000i\000c\000y\000\040\000P\000a\000r\000a\000m\000e\000t\000e\000r\000s}{section.1.15}% 77
\BOOKMARK [2][-]{subsection.1.15.9}{\376\377\000E\000x\000c\000l\000u\000s\000i\000o\000n\000\040\000o\000f\000\040\000I\000n\000d\000i\000v\000i\000d\000u\000a\000l\000\040\000I\000S\000O\000s}{section.1.15}% 78
\BOOKMARK [2][-]{subsection.1.15.10}{\376\377\000T\000e\000m\000p\000o\000r\000a\000l\000\040\000S\000t\000a\000b\000i\000l\000i\000t\000y\000\040\000o\000f\000\040\000S\000h\000o\000r\000t\000-\000R\000u\000n\000\040\000E\000s\000t\000i\000m\000a\000t\000e\000s}{section.1.15}% 79
\BOOKMARK [2][-]{subsection.1.15.11}{\376\377\000S\000u\000m\000m\000a\000r\000y\000\040\000o\000f\000\040\000R\000o\000b\000u\000s\000t\000n\000e\000s\000s\000\040\000A\000r\000c\000h\000i\000t\000e\000c\000t\000u\000r\000e}{section.1.15}% 80
\BOOKMARK [0][-]{chapter.2}{\376\377\000L\000e\000a\000r\000n\000i\000n\000g\000-\000b\000y\000-\000D\000o\000i\000n\000g\000\040\000a\000n\000d\000\040\000I\000n\000d\000u\000s\000t\000r\000i\000a\000l\000\040\000P\000o\000l\000i\000c\000i\000e\000s\000:\000\040\000E\000v\000i\000d\000e\000n\000c\000e\000\040\000f\000r\000o\000m\000\040\000C\000h\000i\000n\000a\000'\000s\000\040\000S\000o\000l\000a\000r\000\040\000P\000a\000n\000e\000l\000\040\000I\000n\000d\000u\000s\000t\000r\000y}{}% 81
\BOOKMARK [1][-]{section.2.1}{\376\377\000I\000n\000t\000r\000o\000d\000u\000c\000t\000i\000o\000n}{chapter.2}% 82
\BOOKMARK [1][-]{section.2.2}{\376\377\000S\000o\000l\000a\000r\000\040\000P\000a\000n\000e\000l\000\040\000I\000n\000d\000u\000s\000t\000r\000y\000\040\000a\000n\000d\000\040\000D\000a\000t\000a}{chapter.2}% 83
\BOOKMARK [2][-]{subsection.2.2.1}{\376\377\000T\000e\000c\000h\000n\000o\000l\000o\000g\000i\000e\000s\000\040\000o\000f\000\040\000S\000o\000l\000a\000r\000\040\000P\000a\000n\000e\000l\000\040\000M\000a\000n\000u\000f\000a\000c\000t\000u\000r\000i\000n\000g}{section.2.2}% 84
\BOOKMARK [2][-]{subsection.2.2.2}{\376\377\000I\000n\000d\000u\000s\000t\000r\000i\000a\000l\000\040\000P\000o\000l\000i\000c\000i\000e\000s}{section.2.2}% 85
\BOOKMARK [2][-]{subsection.2.2.3}{\376\377\000D\000a\000t\000a}{section.2.2}% 86
\BOOKMARK [2][-]{subsection.2.2.4}{\376\377\000D\000e\000s\000c\000r\000i\000p\000t\000i\000v\000e\000\040\000E\000v\000i\000d\000e\000n\000c\000e}{section.2.2}% 87
\BOOKMARK [1][-]{section.2.3}{\376\377\000M\000o\000d\000e\000l}{chapter.2}% 88
\BOOKMARK [2][-]{subsection.2.3.1}{\376\377\000P\000e\000r\000-\000P\000e\000r\000i\000o\000d\000\040\000D\000e\000m\000a\000n\000d}{section.2.3}% 89
\BOOKMARK [2][-]{subsection.2.3.2}{\376\377\000I\000n\000c\000u\000m\000b\000e\000n\000t\000s\000:\000\040\000P\000r\000o\000d\000u\000c\000t\000i\000o\000n\000\040\000a\000n\000d\000\040\000E\000x\000i\000t}{section.2.3}% 90
\BOOKMARK [2][-]{subsection.2.3.3}{\376\377\000P\000o\000t\000e\000n\000t\000i\000a\000l\000\040\000E\000n\000t\000r\000a\000n\000t\000s\000:\000\040\000E\000n\000t\000r\000y\000\040\000a\000n\000d\000\040\000T\000e\000c\000h\000n\000o\000l\000o\000g\000y\000\040\000S\000e\000l\000e\000c\000t\000i\000o\000n}{section.2.3}% 91
\BOOKMARK [2][-]{subsection.2.3.4}{\376\377\000M\000a\000r\000k\000o\000v\000-\000P\000e\000r\000f\000e\000c\000t\000\040\000E\000q\000u\000i\000l\000i\000b\000r\000i\000u\000m}{section.2.3}% 92
\BOOKMARK [2][-]{subsection.2.3.5}{\376\377\000D\000i\000s\000c\000u\000s\000s\000i\000o\000n\000\040\000o\000f\000\040\000M\000o\000d\000e\000l\000\040\000A\000s\000s\000u\000m\000p\000t\000i\000o\000n\000s}{section.2.3}% 93
\BOOKMARK [1][-]{section.2.4}{\376\377\000E\000s\000t\000i\000m\000a\000t\000i\000o\000n\000\040\000S\000t\000r\000a\000t\000e\000g\000y}{chapter.2}% 94
\BOOKMARK [2][-]{subsection.2.4.1}{\376\377\000S\000p\000e\000c\000i\000f\000i\000c\000a\000t\000i\000o\000n\000s}{section.2.4}% 95
\BOOKMARK [2][-]{subsection.2.4.2}{\376\377\000F\000i\000r\000s\000t\000\040\000S\000t\000a\000g\000e\000:\000\040\000P\000o\000l\000i\000c\000y\000\040\000F\000u\000n\000c\000t\000i\000o\000n\000s\000\040\000a\000n\000d\000\040\000S\000t\000a\000t\000e\000\040\000T\000r\000a\000n\000s\000i\000t\000i\000o\000n}{section.2.4}% 96
\BOOKMARK [2][-]{subsection.2.4.3}{\376\377\000S\000e\000c\000o\000n\000d\000\040\000S\000t\000a\000g\000e\000:\000\040\000G\000M\000M}{section.2.4}% 97
\BOOKMARK [1][-]{section.2.5}{\376\377\000E\000s\000t\000i\000m\000a\000t\000i\000o\000n\000\040\000R\000e\000s\000u\000l\000t\000s}{chapter.2}% 98
\BOOKMARK [2][-]{subsection.2.5.1}{\376\377\000E\000s\000t\000i\000m\000a\000t\000e\000s\000\040\000o\000f\000\040\000D\000e\000m\000a\000n\000d\000\040\000E\000q\000u\000a\000t\000i\000o\000n}{section.2.5}% 99
\BOOKMARK [2][-]{subsection.2.5.2}{\376\377\000E\000s\000t\000i\000m\000a\000t\000e\000s\000\040\000o\000f\000\040\000P\000o\000l\000i\000c\000y\000\040\000F\000u\000n\000c\000t\000i\000o\000n\000s\000\040\000a\000n\000d\000\040\000S\000t\000a\000t\000e\000\040\000T\000r\000a\000n\000s\000i\000t\000i\000o\000n\000s}{section.2.5}% 100
\BOOKMARK [2][-]{subsection.2.5.3}{\376\377\000E\000s\000t\000i\000m\000a\000t\000e\000s\000\040\000o\000f\000\040\000D\000y\000n\000a\000m\000i\000c\000\040\000P\000a\000r\000a\000m\000e\000t\000e\000r\000s}{section.2.5}% 101
\BOOKMARK [2][-]{subsection.2.5.4}{\376\377\000M\000o\000d\000e\000l\000\040\000F\000i\000t}{section.2.5}% 102
\BOOKMARK [1][-]{section.2.6}{\376\377\000L\000B\000D\000\040\000a\000n\000d\000\040\000I\000n\000d\000u\000s\000t\000r\000i\000a\000l\000\040\000P\000o\000l\000i\000c\000i\000e\000s}{chapter.2}% 103
\BOOKMARK [2][-]{subsection.2.6.1}{\376\377\000O\000u\000t\000c\000o\000m\000e\000s\000\040\000o\000f\000\040\000I\000n\000t\000e\000r\000e\000s\000t}{section.2.6}% 104
\BOOKMARK [2][-]{subsection.2.6.2}{\376\377\000L\000B\000D}{section.2.6}% 105
\BOOKMARK [2][-]{subsection.2.6.3}{\376\377\000D\000e\000m\000a\000n\000d\000\040\000P\000o\000l\000i\000c\000i\000e\000s}{section.2.6}% 106
\BOOKMARK [2][-]{subsection.2.6.4}{\376\377\000P\000r\000o\000d\000u\000c\000t\000i\000o\000n\000\040\000C\000o\000s\000t\000\040\000P\000o\000l\000i\000c\000i\000e\000s}{section.2.6}% 107
\BOOKMARK [2][-]{subsection.2.6.5}{\376\377\000E\000n\000t\000r\000y\000\040\000C\000o\000s\000t\000\040\000P\000o\000l\000i\000c\000i\000e\000s}{section.2.6}% 108
\BOOKMARK [2][-]{subsection.2.6.6}{\376\377\000T\000i\000m\000i\000n\000g\000\040\000o\000f\000\040\000P\000o\000l\000i\000c\000i\000e\000s}{section.2.6}% 109
\BOOKMARK [1][-]{section.2.7}{\376\377\000C\000o\000n\000c\000l\000u\000s\000i\000o\000n}{chapter.2}% 110
\BOOKMARK [1][-]{section.2.8}{\376\377\000E\000s\000t\000i\000m\000a\000t\000i\000o\000n\000\040\000D\000e\000t\000a\000i\000l\000s}{chapter.2}% 111
\BOOKMARK [1][-]{section.2.9}{\376\377\000D\000a\000t\000a\000\040\000D\000e\000t\000a\000i\000l\000s}{chapter.2}% 112
\BOOKMARK [0][-]{chapter.3}{\376\377\000A\000n\000\040\000E\000c\000o\000n\000o\000m\000e\000t\000r\000i\000c\000\040\000M\000o\000d\000e\000l\000\040\000f\000o\000r\000\040\000M\000e\000a\000s\000u\000r\000i\000n\000g\000\040\000I\000m\000p\000a\000c\000t\000s\000\040\000o\000f\000\040\000A\000I\000\040\000o\000n\000\040\000U\000n\000i\000t\000e\000d\000\040\000S\000t\000a\000t\000e\000s\000\040\000P\000o\000w\000e\000r\000\040\000G\000r\000i\000d\000s}{}% 113
\BOOKMARK [1][-]{section.3.1}{\376\377\000I\000n\000t\000r\000o\000d\000u\000c\000t\000i\000o\000n}{chapter.3}% 114
\BOOKMARK [1][-]{section.3.2}{\376\377\000R\000e\000l\000a\000t\000e\000d\000\040\000W\000o\000r\000k}{chapter.3}% 115
\BOOKMARK [1][-]{section.3.3}{\376\377\000P\000r\000o\000b\000l\000e\000m\000\040\000a\000n\000d\000\040\000C\000h\000a\000l\000l\000e\000n\000g\000e\000s}{chapter.3}% 116
\BOOKMARK [2][-]{subsection.3.3.1}{\376\377\000P\000r\000o\000b\000l\000e\000m\000\040\000i\000n\000t\000r\000o\000d\000u\000c\000e\000d\000\040\000b\000y\000\040\000A\000I\000\040\000w\000o\000r\000k\000l\000o\000a\000d\000s\000\040}{section.3.3}% 117
\BOOKMARK [2][-]{subsection.3.3.2}{\376\377\000A\000n\000\040\000E\000c\000o\000n\000o\000m\000e\000t\000r\000i\000c\000\040\000M\000o\000d\000e\000l}{section.3.3}% 118
\BOOKMARK [2][-]{subsection.3.3.3}{\376\377\000T\000e\000c\000h\000n\000i\000c\000a\000l\000\040\000C\000h\000a\000l\000l\000e\000n\000g\000e\000s\000\040\000a\000n\000d\000\040\000V\000a\000l\000i\000d\000a\000t\000i\000n\000g\000\040\000M\000o\000d\000e\000l\000\040\000A\000s\000s\000u\000m\000p\000t\000i\000o\000n\000s}{section.3.3}% 119
\BOOKMARK [1][-]{section.3.4}{\376\377\000M\000e\000t\000h\000o\000d\000o\000l\000o\000g\000y}{chapter.3}% 120
\BOOKMARK [2][-]{subsection.3.4.1}{\376\377\000S\000t\000a\000c\000k\000e\000d\000\040\000D\000i\000D\000\040\000w\000i\000t\000h\000\040\000M\000u\000l\000t\000i\000p\000l\000e\000\040\000H\000o\000r\000i\000z\000o\000n\000s}{section.3.4}% 121
\BOOKMARK [2][-]{subsection.3.4.2}{\376\377\000E\000s\000t\000i\000m\000a\000t\000i\000n\000g\000\040\000P\000o\000w\000e\000r\000\040\000Q\000u\000a\000l\000i\000t\000y}{section.3.4}% 122
\BOOKMARK [2][-]{subsection.3.4.3}{\376\377\000E\000s\000t\000i\000m\000a\000t\000i\000n\000g\000\040\000F\000o\000s\000s\000i\000l\000\040\000F\000u\000e\000l\000\040\000D\000e\000m\000a\000n\000d}{section.3.4}% 123
\BOOKMARK [2][-]{subsection.3.4.4}{\376\377\000E\000s\000t\000i\000m\000a\000t\000i\000n\000g\000\040\000P\000r\000i\000c\000e\000\040\000E\000f\000f\000e\000c\000t\000s}{section.3.4}% 124
\BOOKMARK [2][-]{subsection.3.4.5}{\376\377\000V\000a\000l\000i\000d\000a\000t\000i\000n\000g\000\040\000A\000s\000s\000u\000m\000p\000t\000i\000o\000n\000s\000\040\000a\000n\000d\000\040\000R\000o\000b\000u\000s\000t\000n\000e\000s\000s}{section.3.4}% 125
\BOOKMARK [2][-]{subsection.3.4.6}{\376\377\000C\000o\000u\000n\000t\000e\000r\000f\000a\000c\000t\000u\000a\000l\000\040\000A\000n\000a\000l\000y\000s\000i\000s}{section.3.4}% 126
\BOOKMARK [1][-]{section.3.5}{\376\377\000D\000a\000t\000a}{chapter.3}% 127
\BOOKMARK [2][-]{subsection.3.5.1}{\376\377\000D\000a\000t\000a\000\040\000a\000n\000d\000\040\000E\000m\000p\000i\000r\000i\000c\000a\000l\000\040\000S\000p\000e\000c\000i\000f\000i\000c\000a\000t\000i\000o\000n}{section.3.5}% 128
\BOOKMARK [2][-]{subsection.3.5.2}{\376\377\000C\000o\000m\000b\000i\000n\000i\000n\000g\000\040\000D\000a\000t\000a\000\040\000S\000o\000u\000r\000c\000e\000s}{section.3.5}% 129
\BOOKMARK [1][-]{section.3.6}{\376\377\000R\000e\000s\000u\000l\000t\000s}{chapter.3}% 130
\BOOKMARK [2][-]{subsection.3.6.1}{\376\377\000P\000o\000w\000e\000r\000\040\000Q\000u\000a\000l\000i\000t\000y\000\040\000E\000f\000f\000e\000c\000t\000s\000:\000\040\000U\000t\000i\000l\000i\000t\000y\000-\000L\000e\000v\000e\000l\000\040\000S\000t\000r\000i\000c\000t\000\040\000D\000i\000D}{section.3.6}% 131
\BOOKMARK [2][-]{subsection.3.6.2}{\376\377\000F\000o\000s\000s\000i\000l\000\040\000F\000u\000e\000l\000\040\000D\000e\000m\000a\000n\000d\000\040\000E\000f\000f\000e\000c\000t\000s\000:\000\040\000S\000t\000a\000c\000k\000e\000d\000\040\000D\000i\000D}{section.3.6}% 132
\BOOKMARK [2][-]{subsection.3.6.3}{\376\377\000P\000r\000i\000c\000e\000\040\000I\000m\000p\000a\000c\000t\000s}{section.3.6}% 133
\BOOKMARK [1][-]{section.3.7}{\376\377\000V\000a\000l\000i\000d\000i\000t\000y\000\040\000a\000n\000d\000\040\000R\000o\000b\000u\000s\000t\000n\000e\000s\000s}{chapter.3}% 134
\BOOKMARK [1][-]{section.3.8}{\376\377\000C\000o\000u\000n\000t\000e\000r\000f\000a\000c\000t\000u\000a\000l\000\040\000A\000n\000a\000l\000y\000s\000e\000s}{chapter.3}% 135
\BOOKMARK [1][-]{section.3.9}{\376\377\000C\000o\000n\000c\000l\000u\000s\000i\000o\000n}{chapter.3}% 136
\BOOKMARK [1][-]{section.3.10}{\376\377\000A\000p\000p\000e\000n\000d\000i\000x}{chapter.3}% 137
\BOOKMARK [2][-]{subsection.3.10.1}{\376\377\000T\000o\000t\000a\000l\000\040\000H\000a\000r\000m\000o\000n\000i\000c\000\040\000D\000i\000s\000t\000o\000r\000t\000i\000o\000n}{section.3.10}% 138
\BOOKMARK [2][-]{subsection.3.10.2}{\376\377\000E\000x\000p\000a\000n\000d\000e\000d\000\040\000D\000a\000t\000a\000s\000e\000t\000\040\000D\000e\000s\000c\000r\000i\000p\000t\000i\000o\000n}{section.3.10}% 139
\BOOKMARK [2][-]{subsection.3.10.3}{\376\377\000D\000a\000t\000a\000s\000e\000t\000\040\000C\000r\000e\000a\000t\000i\000o\000n\000\040\000D\000i\000a\000g\000r\000a\000m}{section.3.10}% 140
\BOOKMARK [2][-]{subsection.3.10.4}{\376\377\000C\000a\000l\000c\000u\000l\000a\000t\000i\000o\000n\000\040\000o\000f\000\040\000C\000o\000m\000p\000a\000r\000i\000s\000o\000n\000s}{section.3.10}% 141
\BOOKMARK [2][-]{subsection.3.10.5}{\376\377\000S\000p\000e\000c\000i\000f\000i\000c\000a\000l\000l\000y\000\040\000V\000e\000r\000i\000f\000i\000e\000d\000\040\000M\000o\000d\000e\000l\000s}{section.3.10}% 142
\BOOKMARK [2][-]{subsection.3.10.6}{\376\377\000P\000J\000M\000\040\000p\000r\000i\000c\000e\000\040\000E\000l\000a\000s\000t\000i\000c\000i\000t\000i\000e\000s}{section.3.10}% 143
\BOOKMARK [2][-]{subsection.3.10.7}{\376\377\000T\000r\000e\000a\000t\000m\000e\000n\000t\000\040\000D\000e\000f\000i\000n\000i\000t\000i\000o\000n\000\040\000a\000n\000d\000\040\000D\000a\000t\000a\000\040\000L\000i\000n\000k\000a\000g\000e}{section.3.10}% 144
\BOOKMARK [2][-]{subsection.3.10.8}{\376\377\000W\000h\000o\000l\000e\000s\000a\000l\000e\000-\000t\000o\000-\000r\000e\000t\000a\000i\000l\000\040\000P\000a\000s\000s\000t\000h\000r\000o\000u\000g\000h\000\040\000E\000s\000t\000i\000m\000a\000t\000e\000s}{section.3.10}% 145
\BOOKMARK [2][-]{subsection.3.10.9}{\376\377\000P\000r\000o\000p\000e\000n\000s\000i\000t\000y\000\040\000S\000c\000o\000r\000e\000\040\000M\000a\000t\000c\000h\000i\000n\000g}{section.3.10}% 146
\BOOKMARK [2][-]{subsection.3.10.10}{\376\377\000A\000d\000d\000i\000t\000i\000o\000n\000a\000l\000\040\000R\000o\000b\000u\000s\000t\000n\000e\000s\000s\000\040\000C\000h\000e\000c\000k\000s}{section.3.10}% 147
\BOOKMARK [2][-]{subsection.3.10.11}{\376\377\000D\000i\000s\000c\000u\000s\000s\000i\000o\000n\000s}{section.3.10}% 148
